node.exe : [baseline-b
rowser-mapping] The 
data in this module 
is over two months 
old.  To ensure 
accurate Baseline 
data, please update: 
`npm i baseline-browse
r-mapping@latest -D`
At line:1 char:1
+ & "C:\Program Files\
nodejs/node.exe" 
"C:\Program 
Files\nodejs/node_mo 
...
+ ~~~~~~~~~~~~~~~~~~~~
~~~~~~~~~~~~~~~~~~~~~~
~~~~~~~~~~~~~~~~~~~~~~
~~~~~
    + CategoryInfo    
          : NotSpeci  
  fied: ([baseline-   
 brows...ping@late    
st -D`:String) []    
, RemoteException
    + FullyQualifiedE 
   rrorId : NativeCo  
  mmandError
 
   Ôû▓ Next.js 16.0.9 (Turbopack)
   - Experiments (use with caution):
     ┬À serverActions

 ÔÜá The "middleware" 
file convention is 
deprecated. Please 
use "proxy" instead. 
Learn more: https://ne
xtjs.org/docs/messages
/middleware-to-proxy
   Creating an optimized production build ...
[baseline-browser-mapp
ing] The data in this 
module is over two 
months old.  To 
ensure accurate 
Baseline data, please 
update: `npm i baselin
e-browser-mapping@late
st -D`

> Build error occurred
Error: Turbopack 
build failed with 2 
errors:
./lib/prisma.ts:3:1
Module not found: 
Can't resolve '../gene
rated/prisma/client'
[0m [90m 1 |[39m 
[36mimport[39m { [3
3mPrismaBetterSqlite3
[39m } [36mfrom[39m 
[32m"@prisma/adapter-
better-sqlite3"[39m[
33m;[39m
 [90m 2 |[39m 
[36mimport[39m { 
env } [36mfrom[39m 
[32m"next-runtime-env"
[39m[33m;[39m
[31m[1m>[22m[39m[
90m 3 |[39m 
[36mimport[39m { [3
3mPrismaClient[39m } 
[36mfrom[39m [32m".
./generated/prisma/cli
ent"[39m[33m;[39m
 [90m   |[39m [31m
[1m^[22m[39m[31m[1
m^[22m[39m[31m[1m^
[22m[39m[31m[1m^[
22m[39m[31m[1m^[22
m[39m[31m[1m^[22m
[39m[31m[1m^[22m[3
9m[31m[1m^[22m[39m
[31m[1m^[22m[39m[
31m[1m^[22m[39m[31
m[1m^[22m[39m[31m
[1m^[22m[39m[31m[1
m^[22m[39m[31m[1m^
[22m[39m[31m[1m^[
22m[39m[31m[1m^[22
m[39m[31m[1m^[22m
[39m[31m[1m^[22m[3
9m[31m[1m^[22m[39m
[31m[1m^[22m[39m[
31m[1m^[22m[39m[31
m[1m^[22m[39m[31m
[1m^[22m[39m[31m[1
m^[22m[39m[31m[1m^
[22m[39m[31m[1m^[
22m[39m[31m[1m^[22
m[39m[31m[1m^[22m
[39m[31m[1m^[22m[3
9m[31m[1m^[22m[39m
[31m[1m^[22m[39m[
31m[1m^[22m[39m[31
m[1m^[22m[39m[31m
[1m^[22m[39m[31m[1
m^[22m[39m[31m[1m^
[22m[39m[31m[1m^[
22m[39m[31m[1m^[22
m[39m[31m[1m^[22m
[39m[31m[1m^[22m[3
9m[31m[1m^[22m[39m
[31m[1m^[22m[39m[
31m[1m^[22m[39m[31
m[1m^[22m[39m[31m
[1m^[22m[39m[31m[1
m^[22m[39m[31m[1m^
[22m[39m[31m[1m^[
22m[39m[31m[1m^[22
m[39m[31m[1m^[22m
[39m[31m[1m^[22m[3
9m[31m[1m^[22m[39m
[31m[1m^[22m[39m[
31m[1m^[22m[39m[31
m[1m^[22m[39m[31m
[1m^[22m[39m[31m[1
m^[22m[39m[31m[1m^
[22m[39m
 [90m 4 |[39m
 [90m 5 |[39m 
[36mif[39m 
([36mtypeof[39m 
window [33m!==[39m 
[32m"undefined"[39m) 
{
 [90m 6 |[39m   
[36mthrow[39m 
[36mnew[39m [33mErr
or[39m([32m"prisma/c
lient should only be 
imported in 
server-side code"[39m
)[33m;[39m[0m



Import traces:
  #1 [Server 
Component]:
    ./lib/prisma.ts
    ./app/components/p
ages/Booking/BookingAc
tions.ts

  #2 [App Route]:
    ./lib/prisma.ts
    ./lib/auth.ts
    ./app/api/auth/[..
.all]/route.ts

  #3 [Edge 
Middleware]:
    ./lib/prisma.ts
    ./lib/auth.ts
    ./middleware.ts

  #4 [Server 
Component]:
    ./lib/prisma.ts
    ./app/components/p
ages/Spaces/EventSpace
Actions.ts
    ./app/user/spaces/
page.tsx

https://nextjs.org/doc
s/messages/module-not-
found


./app/components/pages
/Spaces/schema.ts:1:1
Module not found: 
Can't resolve '@/gener
ated/prisma/browser'
[0m[31m[1m>[22m[3
9m[90m 1 |[39m 
[36mimport[39m {
 [90m   |[39m [31m
[1m^[22m[39m[31m[1
m^[22m[39m[31m[1m^
[22m[39m[31m[1m^[
22m[39m[31m[1m^[22
m[39m[31m[1m^[22m
[39m[31m[1m^[22m[3
9m[31m[1m^[22m[39m
[31m[1m>[22m[39m[
90m 2 |[39m   [33mAm
enity[39m[33m,[39m
 [90m   |[39m [31m
[1m^[22m[39m[31m[1
m^[22m[39m[31m[1m^
[22m[39m[31m[1m^[
22m[39m[31m[1m^[22
m[39m[31m[1m^[22m
[39m[31m[1m^[22m[3
9m[31m[1m^[22m[39m
[31m[1m^[22m[39m[
31m[1m^[22m[39m
[31m[1m>[22m[39m[
90m 3 |[39m   [33mEv
entSpace[39m[33m,[3
9m
 [90m   |[39m [31m
[1m^[22m[39m[31m[1
m^[22m[39m[31m[1m^
[22m[39m[31m[1m^[
22m[39m[31m[1m^[22
m[39m[31m[1m^[22m
[39m[31m[1m^[22m[3
9m[31m[1m^[22m[39m
[31m[1m^[22m[39m[
31m[1m^[22m[39m
[31m[1m>[22m[39m[
90m 4 |[39m   [33mEv
entSpaceStatus[39m[3
3m,[39m
 [90m   |[39m [31m
[1m^[22m[39m[31m[1
m^[22m[39m[31m[1m^
[22m[39m[31m[1m^[
22m[39m[31m[1m^[22
m[39m[31m[1m^[22m
[39m[31m[1m^[22m[3
9m[31m[1m^[22m[39m
[31m[1m^[22m[39m[
31m[1m^[22m[39m
[31m[1m>[22m[39m[
90m 5 |[39m } 
[36mfrom[39m [32m"@
/generated/prisma/brow
ser"[39m[33m;[39m
 [90m   |[39m [31m
[1m^[22m[39m[31m[1
m^[22m[39m[31m[1m^
[22m[39m[31m[1m^[
22m[39m[31m[1m^[22
m[39m[31m[1m^[22m
[39m[31m[1m^[22m[3
9m[31m[1m^[22m[39m
[31m[1m^[22m[39m[
31m[1m^[22m[39m[31
m[1m^[22m[39m[31m
[1m^[22m[39m[31m[1
m^[22m[39m[31m[1m^
[22m[39m[31m[1m^[
22m[39m[31m[1m^[22
m[39m[31m[1m^[22m
[39m[31m[1m^[22m[3
9m[31m[1m^[22m[39m
[31m[1m^[22m[39m[
31m[1m^[22m[39m[31
m[1m^[22m[39m[31m
[1m^[22m[39m[31m[1
m^[22m[39m[31m[1m^
[22m[39m[31m[1m^[
22m[39m[31m[1m^[22
m[39m[31m[1m^[22m
[39m[31m[1m^[22m[3
9m[31m[1m^[22m[39m
[31m[1m^[22m[39m[
31m[1m^[22m[39m[31
m[1m^[22m[39m[31m
[1m^[22m[39m[31m[1
m^[22m[39m[31m[1m^
[22m[39m[31m[1m^[
22m[39m
 [90m 6 |[39m 
[36mimport[39m z 
[36mfrom[39m [32m"z
od"[39m[33m;[39m
 [90m 7 |[39m
 [90m 8 |[39m 
[36mexport[39m type 
[33mEventSpaceData[3
9m [33m=[39m 
[33mEventSpace[39m 
[33m&[39m {[0m

Import map: aliased 
to relative './generat
ed/prisma/browser' 
inside of [project]/


Import trace:
  Server Component:
    ./app/components/p
ages/Spaces/schema.ts
    ./app/components/p
ages/Spaces/EventSpace
Actions.ts
    ./app/user/spaces/
page.tsx

https://nextjs.org/doc
s/messages/module-not-
found


    at <unknown> 
(./lib/prisma.ts:3:1)
    at <unknown> (http
s://nextjs.org/docs/me
ssages/module-not-foun
d)
    at <unknown> (./ap
p/components/pages/Spa
ces/schema.ts:1:1)
    at <unknown> (http
s://nextjs.org/docs/me
ssages/module-not-foun
d)
